PASS: GET /up
PASS: GET /ready
PASS: GET /books
PASS: GET /authors
PASS: GET /reports/author-statistics
PASS: GET /reports/top-rated-books
PASS: GET /reports/top-selling-books
PASS: author multipart upload with CSRF
PASS: shared flash session across redirect
PASS: author image bytes
PASS: book cover upload with CSRF
PASS: CSRF session accepted across different replicas
PASS: book cover bytes
PASS: image HTTP cache headers
PASS: image conditional cache hit
PASS: image served by static origin through Traefik
PASS: compiled CSS
PASS: CSS through static origin
PASS: search page
PASS: expected search backend
PASS: dynamic detail
PASS: dynamic detail
PASS: dynamic detail
PASS: dynamic detail
PASS: dynamic detail
PASS: dynamic detail
PASS: dynamic detail
PASS: dynamic detail
PASS: dynamic detail
PASS: dynamic detail
PASS: dynamic detail
PASS: dynamic detail
PASS: dynamic detail
PASS: dynamic detail
PASS: dynamic detail
PASS: dynamic detail
PASS: dynamic detail
PASS: dynamic detail
PASS: dynamic detail
PASS: dynamic detail
PASS: dynamic detail
PASS: dynamic detail
PASS: dynamic detail
PASS: dynamic detail
PASS: dynamic detail
PASS: dynamic detail
PASS: dynamic detail
PASS: dynamic detail
PASS: dynamic detail
PASS: dynamic detail
PASS: traffic distribution {"book-reviews-web-5b8cdc6f7b-vgxdz"=>15, "book-reviews-web-5b8cdc6f7b-vr45w"=>13, "book-reviews-web-5b8cdc6f7b-wvg8p"=>14}
{"results":[{"method":"get","path":"/up","status":200,"instance":null},{"method":"get","path":"/ready","status":200,"instance":null},{"method":"get","path":"/books","status":200,"instance":"book-reviews-web-5b8cdc6f7b-vgxdz"},{"method":"get","path":"/authors","status":200,"instance":"book-reviews-web-5b8cdc6f7b-vr45w"},{"method":"get","path":"/reports/author-statistics","status":200,"instance":"book-reviews-web-5b8cdc6f7b-vgxdz"},{"method":"get","path":"/reports/top-rated-books","status":200,"instance":"book-reviews-web-5b8cdc6f7b-wvg8p"},{"method":"get","path":"/reports/top-selling-books","status":200,"instance":"book-reviews-web-5b8cdc6f7b-vgxdz"},{"method":"get","path":"/authors/new","status":200,"instance":"book-reviews-web-5b8cdc6f7b-wvg8p"},{"method":"post","path":"/authors","status":302,"instance":"book-reviews-web-5b8cdc6f7b-vr45w"},{"method":"get","path":"/authors/51","status":200,"instance":"book-reviews-web-5b8cdc6f7b-wvg8p"},{"method":"get","path":"/uploads/70lrxtbtpv81lm7ikprw84rvbur5.png","status":200,"instance":null},{"method":"get","path":"/books/new","status":200,"instance":"book-reviews-web-5b8cdc6f7b-vr45w"},{"method":"post","path":"/books","status":302,"instance":"book-reviews-web-5b8cdc6f7b-vgxdz"},{"method":"get","path":"/books/301","status":200,"instance":"book-reviews-web-5b8cdc6f7b-vr45w"},{"method":"get","path":"/uploads/1yjmiz4i8afrdxmtxqvsoflxitn1.png","status":200,"instance":null},{"method":"get","path":"/uploads/1yjmiz4i8afrdxmtxqvsoflxitn1.png","status":304,"instance":null},{"method":"get","path":"/assets/application-9f6effe6.css","status":200,"instance":null},{"method":"get","path":"/book-search?q=Architecture","status":200,"instance":"book-reviews-web-5b8cdc6f7b-vgxdz"},{"method":"get","path":"/books/301","status":200,"instance":"book-reviews-web-5b8cdc6f7b-wvg8p"},{"method":"get","path":"/books/301","status":200,"instance":"book-reviews-web-5b8cdc6f7b-vgxdz"},{"method":"get","path":"/books/301","status":200,"instance":"book-reviews-web-5b8cdc6f7b-wvg8p"},{"method":"get","path":"/books/301","status":200,"instance":"book-reviews-web-5b8cdc6f7b-vr45w"},{"method":"get","path":"/books/301","status":200,"instance":"book-reviews-web-5b8cdc6f7b-wvg8p"},{"method":"get","path":"/books/301","status":200,"instance":"book-reviews-web-5b8cdc6f7b-vr45w"},{"method":"get","path":"/books/301","status":200,"instance":"book-reviews-web-5b8cdc6f7b-vgxdz"},{"method":"get","path":"/books/301","status":200,"instance":"book-reviews-web-5b8cdc6f7b-vr45w"},{"method":"get","path":"/books/301","status":200,"instance":"book-reviews-web-5b8cdc6f7b-vgxdz"},{"method":"get","path":"/books/301","status":200,"instance":"book-reviews-web-5b8cdc6f7b-wvg8p"},{"method":"get","path":"/books/301","status":200,"instance":"book-reviews-web-5b8cdc6f7b-vgxdz"},{"method":"get","path":"/books/301","status":200,"instance":"book-reviews-web-5b8cdc6f7b-wvg8p"},{"method":"get","path":"/books/301","status":200,"instance":"book-reviews-web-5b8cdc6f7b-vr45w"},{"method":"get","path":"/books/301","status":200,"instance":"book-reviews-web-5b8cdc6f7b-wvg8p"},{"method":"get","path":"/books/301","status":200,"instance":"book-reviews-web-5b8cdc6f7b-vr45w"},{"method":"get","path":"/books/301","status":200,"instance":"book-reviews-web-5b8cdc6f7b-vgxdz"},{"method":"get","path":"/books/301","status":200,"instance":"book-reviews-web-5b8cdc6f7b-vr45w"},{"method":"get","path":"/books/301","status":200,"instance":"book-reviews-web-5b8cdc6f7b-vgxdz"},{"method":"get","path":"/books/301","status":200,"instance":"book-reviews-web-5b8cdc6f7b-wvg8p"},{"method":"get","path":"/books/301","status":200,"instance":"book-reviews-web-5b8cdc6f7b-vgxdz"},{"method":"get","path":"/books/301","status":200,"instance":"book-reviews-web-5b8cdc6f7b-wvg8p"},{"method":"get","path":"/books/301","status":200,"instance":"book-reviews-web-5b8cdc6f7b-vr45w"},{"method":"get","path":"/books/301","status":200,"instance":"book-reviews-web-5b8cdc6f7b-wvg8p"},{"method":"get","path":"/books/301","status":200,"instance":"book-reviews-web-5b8cdc6f7b-vr45w"},{"method":"get","path":"/books/301","status":200,"instance":"book-reviews-web-5b8cdc6f7b-vgxdz"},{"method":"get","path":"/books/301","status":200,"instance":"book-reviews-web-5b8cdc6f7b-vr45w"},{"method":"get","path":"/books/301","status":200,"instance":"book-reviews-web-5b8cdc6f7b-vgxdz"},{"method":"get","path":"/books/301","status":200,"instance":"book-reviews-web-5b8cdc6f7b-wvg8p"},{"method":"get","path":"/books/301","status":200,"instance":"book-reviews-web-5b8cdc6f7b-vgxdz"},{"method":"get","path":"/books/301","status":200,"instance":"book-reviews-web-5b8cdc6f7b-wvg8p"}],"instances":{"book-reviews-web-5b8cdc6f7b-vgxdz":15,"book-reviews-web-5b8cdc6f7b-vr45w":13,"book-reviews-web-5b8cdc6f7b-wvg8p":14},"book_path":"/books/301","image_path":"/uploads/1yjmiz4i8afrdxmtxqvsoflxitn1.png"}
