PASS: GET /up
PASS: GET /ready
PASS: GET /books
PASS: GET /authors
PASS: GET /reports/author-statistics
PASS: GET /reports/top-rated-books
PASS: GET /reports/top-selling-books
PASS: author multipart upload with CSRF
PASS: shared flash session across redirect
PASS: author image bytes
PASS: book cover upload with CSRF
PASS: book cover bytes
PASS: image HTTP cache headers
PASS: image conditional cache hit
PASS: image served by static origin through Traefik
PASS: compiled CSS
PASS: CSS through static origin
PASS: search page
PASS: expected search backend
PASS: dynamic detail
PASS: dynamic detail
PASS: dynamic detail
PASS: dynamic detail
PASS: dynamic detail
PASS: dynamic detail
PASS: dynamic detail
PASS: dynamic detail
PASS: dynamic detail
PASS: dynamic detail
PASS: dynamic detail
PASS: dynamic detail
PASS: dynamic detail
PASS: dynamic detail
PASS: dynamic detail
PASS: dynamic detail
PASS: dynamic detail
PASS: dynamic detail
PASS: dynamic detail
PASS: dynamic detail
PASS: dynamic detail
PASS: dynamic detail
PASS: dynamic detail
PASS: dynamic detail
PASS: dynamic detail
PASS: dynamic detail
PASS: dynamic detail
PASS: dynamic detail
PASS: dynamic detail
PASS: dynamic detail
PASS: traffic distribution {"625aa14ec3cd"=>42}
{"results":[{"method":"get","path":"/up","status":200,"instance":null},{"method":"get","path":"/ready","status":200,"instance":null},{"method":"get","path":"/books","status":200,"instance":"625aa14ec3cd"},{"method":"get","path":"/authors","status":200,"instance":"625aa14ec3cd"},{"method":"get","path":"/reports/author-statistics","status":200,"instance":"625aa14ec3cd"},{"method":"get","path":"/reports/top-rated-books","status":200,"instance":"625aa14ec3cd"},{"method":"get","path":"/reports/top-selling-books","status":200,"instance":"625aa14ec3cd"},{"method":"get","path":"/authors/new","status":200,"instance":"625aa14ec3cd"},{"method":"post","path":"/authors","status":302,"instance":"625aa14ec3cd"},{"method":"get","path":"/authors/51","status":200,"instance":"625aa14ec3cd"},{"method":"get","path":"/uploads/8s61vebrvoesbtvkwaf3kwiapaso.png","status":200,"instance":null},{"method":"get","path":"/books/new","status":200,"instance":"625aa14ec3cd"},{"method":"post","path":"/books","status":302,"instance":"625aa14ec3cd"},{"method":"get","path":"/books/301","status":200,"instance":"625aa14ec3cd"},{"method":"get","path":"/uploads/kqtt9808wvkcreigya81qh4nk0xl.png","status":200,"instance":null},{"method":"get","path":"/uploads/kqtt9808wvkcreigya81qh4nk0xl.png","status":304,"instance":null},{"method":"get","path":"/assets/application-9f6effe6.css","status":200,"instance":null},{"method":"get","path":"/book-search?q=Architecture","status":200,"instance":"625aa14ec3cd"},{"method":"get","path":"/books/301","status":200,"instance":"625aa14ec3cd"},{"method":"get","path":"/books/301","status":200,"instance":"625aa14ec3cd"},{"method":"get","path":"/books/301","status":200,"instance":"625aa14ec3cd"},{"method":"get","path":"/books/301","status":200,"instance":"625aa14ec3cd"},{"method":"get","path":"/books/301","status":200,"instance":"625aa14ec3cd"},{"method":"get","path":"/books/301","status":200,"instance":"625aa14ec3cd"},{"method":"get","path":"/books/301","status":200,"instance":"625aa14ec3cd"},{"method":"get","path":"/books/301","status":200,"instance":"625aa14ec3cd"},{"method":"get","path":"/books/301","status":200,"instance":"625aa14ec3cd"},{"method":"get","path":"/books/301","status":200,"instance":"625aa14ec3cd"},{"method":"get","path":"/books/301","status":200,"instance":"625aa14ec3cd"},{"method":"get","path":"/books/301","status":200,"instance":"625aa14ec3cd"},{"method":"get","path":"/books/301","status":200,"instance":"625aa14ec3cd"},{"method":"get","path":"/books/301","status":200,"instance":"625aa14ec3cd"},{"method":"get","path":"/books/301","status":200,"instance":"625aa14ec3cd"},{"method":"get","path":"/books/301","status":200,"instance":"625aa14ec3cd"},{"method":"get","path":"/books/301","status":200,"instance":"625aa14ec3cd"},{"method":"get","path":"/books/301","status":200,"instance":"625aa14ec3cd"},{"method":"get","path":"/books/301","status":200,"instance":"625aa14ec3cd"},{"method":"get","path":"/books/301","status":200,"instance":"625aa14ec3cd"},{"method":"get","path":"/books/301","status":200,"instance":"625aa14ec3cd"},{"method":"get","path":"/books/301","status":200,"instance":"625aa14ec3cd"},{"method":"get","path":"/books/301","status":200,"instance":"625aa14ec3cd"},{"method":"get","path":"/books/301","status":200,"instance":"625aa14ec3cd"},{"method":"get","path":"/books/301","status":200,"instance":"625aa14ec3cd"},{"method":"get","path":"/books/301","status":200,"instance":"625aa14ec3cd"},{"method":"get","path":"/books/301","status":200,"instance":"625aa14ec3cd"},{"method":"get","path":"/books/301","status":200,"instance":"625aa14ec3cd"},{"method":"get","path":"/books/301","status":200,"instance":"625aa14ec3cd"},{"method":"get","path":"/books/301","status":200,"instance":"625aa14ec3cd"}],"instances":{"625aa14ec3cd":42},"book_path":"/books/301","image_path":"/uploads/kqtt9808wvkcreigya81qh4nk0xl.png"}
