 Container book-reviews-a4-static-1 Running 
 Container book-reviews-a4-traefik-1 Running 
 Container book-reviews-a4-redis-1 Running 
 Container book-reviews-a4-opensearch-1 Running 
 Container book-reviews-a4-db-1 Running 
 Container book-reviews-a4-web-2 Stopping 
 Container book-reviews-a4-web-1 Recreate 
 Container book-reviews-a4-web-3 Stopping 
 Container book-reviews-a4-web-3 Stopped 
 Container book-reviews-a4-web-3 Removing 
 Container book-reviews-a4-web-3 Removed 
 Container book-reviews-a4-web-2 Stopped 
 Container book-reviews-a4-web-2 Removing 
 Container book-reviews-a4-web-2 Removed 
 Container book-reviews-a4-web-1 Recreated 
 Container book-reviews-a4-db-1 Waiting 
 Container book-reviews-a4-opensearch-1 Waiting 
 Container book-reviews-a4-opensearch-1 Healthy 
 Container book-reviews-a4-db-1 Healthy 
 Container book-reviews-a4-prepare-1 Starting 
 Container book-reviews-a4-prepare-1 Started 
 Container book-reviews-a4-prepare-1 Waiting 
 Container book-reviews-a4-prepare-1 Waiting 
 Container book-reviews-a4-redis-1 Waiting 
 Container book-reviews-a4-opensearch-1 Waiting 
 Container book-reviews-a4-redis-1 Healthy 
 Container book-reviews-a4-opensearch-1 Healthy 
 Container book-reviews-a4-prepare-1 Exited 
 Container book-reviews-a4-prepare-1 Exited 
 Container book-reviews-a4-web-1 Starting 
 Container book-reviews-a4-web-1 Started 
 Container book-reviews-a4-static-1 Waiting 
 Container book-reviews-a4-traefik-1 Waiting 
 Container book-reviews-a4-redis-1 Waiting 
 Container book-reviews-a4-opensearch-1 Waiting 
 Container book-reviews-a4-db-1 Waiting 
 Container book-reviews-a4-prepare-1 Waiting 
 Container book-reviews-a4-web-1 Waiting 
 Container book-reviews-a4-static-1 Healthy 
 Container book-reviews-a4-db-1 Healthy 
 Container book-reviews-a4-traefik-1 Healthy 
 Container book-reviews-a4-prepare-1 Exited 
 Container book-reviews-a4-redis-1 Healthy 
 Container book-reviews-a4-opensearch-1 Healthy 
 Container book-reviews-a4-web-1 Healthy 
 Container book-reviews-a4-traefik-1 Running 
 Container book-reviews-a4-redis-1 Running 
 Container book-reviews-a4-opensearch-1 Running 
 Container book-reviews-a4-db-1 Running 
 Container book-reviews-a4-static-1 Running 
 Container book-reviews-a4-web-1 Recreate 
 Container book-reviews-a4-web-3 Creating 
 Container book-reviews-a4-web-2 Creating 
 Container book-reviews-a4-web-2 Created 
 Container book-reviews-a4-web-3 Created 
 Container book-reviews-a4-web-1 Recreated 
 Container book-reviews-a4-db-1 Waiting 
 Container book-reviews-a4-opensearch-1 Waiting 
 Container book-reviews-a4-opensearch-1 Healthy 
 Container book-reviews-a4-db-1 Healthy 
 Container book-reviews-a4-prepare-1 Starting 
 Container book-reviews-a4-prepare-1 Started 
 Container book-reviews-a4-prepare-1 Waiting 
 Container book-reviews-a4-prepare-1 Waiting 
 Container book-reviews-a4-redis-1 Waiting 
 Container book-reviews-a4-opensearch-1 Waiting 
 Container book-reviews-a4-redis-1 Healthy 
 Container book-reviews-a4-opensearch-1 Healthy 
 Container book-reviews-a4-prepare-1 Exited 
 Container book-reviews-a4-web-1 Starting 
 Container book-reviews-a4-prepare-1 Exited 
 Container book-reviews-a4-web-1 Started 
 Container book-reviews-a4-web-2 Starting 
 Container book-reviews-a4-web-2 Started 
 Container book-reviews-a4-web-3 Starting 
 Container book-reviews-a4-web-3 Started 
 Container book-reviews-a4-traefik-1 Waiting 
 Container book-reviews-a4-redis-1 Waiting 
 Container book-reviews-a4-opensearch-1 Waiting 
 Container book-reviews-a4-db-1 Waiting 
 Container book-reviews-a4-prepare-1 Waiting 
 Container book-reviews-a4-web-1 Waiting 
 Container book-reviews-a4-web-2 Waiting 
 Container book-reviews-a4-web-3 Waiting 
 Container book-reviews-a4-static-1 Waiting 
 Container book-reviews-a4-prepare-1 Exited 
 Container book-reviews-a4-redis-1 Healthy 
 Container book-reviews-a4-db-1 Healthy 
 Container book-reviews-a4-opensearch-1 Healthy 
 Container book-reviews-a4-traefik-1 Healthy 
 Container book-reviews-a4-static-1 Healthy 
 Container book-reviews-a4-web-1 Healthy 
 Container book-reviews-a4-web-2 Healthy 
 Container book-reviews-a4-web-3 Healthy 
